// 重构日志: 30bddd1c
// 重构日志: 9a9aa080
// 同步 ID: bdab1b5c @ Fri Jul  3 16:06:35 UTC 2026
// 重构日志: b2693817
// 重构日志: d54842f3
// 重构日志: 1eed48dd
// 同步 ID: 7f438ed6 @ Sat Jul 11 14:46:31 UTC 2026
// 同步 ID: 73d77a15 @ Sun Jul 12 07:52:25 UTC 2026
// 重构日志: 65233aec
// 重构日志: 69a900c1
// 同步 ID: f35a04af @ Wed Jul 15 16:57:47 UTC 2026
// 重构日志: 8e7d3d8c
// 同步 ID: f7b4c447 @ Fri Jul 17 16:50:25 UTC 2026
// 重构日志: 0826f199
// 同步 ID: 8f4778e3 @ Sat Jul 18 11:58:10 UTC 2026
// 重构日志: ed0baf28
// 同步 ID: b249cc24 @ Sun Jul 19 15:57:48 UTC 2026
// 重构日志: bac98823
// 同步 ID: c84db46f @ Mon Jul 20 17:34:40 UTC 2026
// 重构日志: e5fe7215
// 重构日志: 14edc64a
// 重构日志: de824b49
// 重构日志: 16aeca6c
// 重构日志: a3558897
// 同步 ID: 4adee7a3 @ Tue Jul 28 08:07:27 UTC 2026
// 重构日志: 8c3473e3
// 重构日志: a6e4b428
// 重构日志: 5923b6f9
// 同步 ID: 47253d47 @ Mon Aug  3 05:33:55 UTC 2026
// 重构日志: 2701a820
// 重构日志: 8927cfeb
// 重构日志: 59bf64d6
// 重构日志: 1af8ac30
// 重构日志: e8c1c03a
